Archive member included because of file (symbol)

F:/CW MCU v10.5/MCU/ARM_GCC_Support/ewl/lib/armv6-m\libc.a(exit.o)
                              ./Project_Settings/Startup_Code/__arm_start.o (exit)
F:/CW MCU v10.5/MCU/ARM_GCC_Support/ewl/lib/armv6-m\libc.a(rand.o)
                              ./Sources/main.o (rand)
F:/CW MCU v10.5/MCU/ARM_GCC_Support/ewl/lib/armv6-m\libc.a(memset.o)
                              ./Project_Settings/Startup_Code/__arm_start.o (memset)
F:/CW MCU v10.5/MCU/ARM_GCC_Support/ewl/lib/armv6-m\libc.a(__filll_mem.o)
                              F:/CW MCU v10.5/MCU/ARM_GCC_Support/ewl/lib/armv6-m\libc.a(memset.o) (__fill_mem)
f:/cw mcu v10.5/cross_tools/arm-none-eabi-gcc-4_7_3/bin/../lib/gcc/arm-none-eabi/4.7.3/armv6-m\libgcc.a(_udivsi3.o)
                              ./Sources/handle.o (__aeabi_uidiv)
f:/cw mcu v10.5/cross_tools/arm-none-eabi-gcc-4_7_3/bin/../lib/gcc/arm-none-eabi/4.7.3/armv6-m\libgcc.a(_divsi3.o)
                              ./Sources/main.o (__aeabi_idivmod)
f:/cw mcu v10.5/cross_tools/arm-none-eabi-gcc-4_7_3/bin/../lib/gcc/arm-none-eabi/4.7.3/armv6-m\libgcc.a(_dvmd_tls.o)
                              f:/cw mcu v10.5/cross_tools/arm-none-eabi-gcc-4_7_3/bin/../lib/gcc/arm-none-eabi/4.7.3/armv6-m\libgcc.a(_udivsi3.o) (__aeabi_idiv0)
F:/CW MCU v10.5/MCU/ARM_GCC_Support/ewl/lib/armv6-m\librt.a(gcc_ctor_dtor.o)
                              ./Project_Settings/Startup_Code/__arm_start.o (__init_cpp)
F:/CW MCU v10.5/MCU/ARM_GCC_Support/ewl/lib/armv6-m\librt.a(ROMCopy.o)
                              ./Project_Settings/Startup_Code/__arm_start.o (__copy_rom_sections_to_ram)
F:/CW MCU v10.5/MCU/ARM_GCC_Support/ewl/lib/armv6-m\librt.a(__arm_eabi_init.o)
                              F:/CW MCU v10.5/MCU/ARM_GCC_Support/ewl/lib/armv6-m\libc.a(exit.o) (__destroy_global_chain)

Allocating common symbols
Common symbol       size              file

now                 0x8               ./Sources/handle.o
pos                 0x1               ./Sources/handle.o
all                 0x4               ./Sources/handle.o
state               0x400             ./Sources/OLED.o
test                0x8               ./Sources/handle.o
lightened           0x1400            ./Sources/handle.o
next                0x4               ./Sources/handle.o
str                 0x5               ./Sources/handle.o

Discarded input sections

 .text          0x00000000        0x0 ./Project_Settings/Startup_Code/kinetis_sysinit.o
 .data          0x00000000        0x0 ./Project_Settings/Startup_Code/kinetis_sysinit.o
 .bss           0x00000000        0x0 ./Project_Settings/Startup_Code/kinetis_sysinit.o
 .text          0x00000000        0x0 ./Project_Settings/Startup_Code/__arm_start.o
 .data          0x00000000        0x0 ./Project_Settings/Startup_Code/__arm_start.o
 .bss           0x00000000        0x0 ./Project_Settings/Startup_Code/__arm_start.o
 .text.__iar_program_start
                0x00000000        0x4 ./Project_Settings/Startup_Code/__arm_start.o
 .text          0x00000000        0x0 ./Project_Settings/Startup_Code/__arm_end.o
 .data          0x00000000        0x0 ./Project_Settings/Startup_Code/__arm_end.o
 .bss           0x00000000        0x0 ./Project_Settings/Startup_Code/__arm_end.o
 .text          0x00000000        0x0 ./Sources/sound.o
 .data          0x00000000        0x0 ./Sources/sound.o
 .bss           0x00000000        0x0 ./Sources/sound.o
 .text          0x00000000        0x0 ./Sources/sa_mtb.o
 .data          0x00000000        0x0 ./Sources/sa_mtb.o
 .bss           0x00000000        0x0 ./Sources/sa_mtb.o
 .debug_info    0x00000000       0x21 ./Sources/sa_mtb.o
 .debug_abbrev  0x00000000       0x12 ./Sources/sa_mtb.o
 .debug_aranges
                0x00000000       0x18 ./Sources/sa_mtb.o
 .debug_macinfo
                0x00000000     0x24d8 ./Sources/sa_mtb.o
 .debug_line    0x00000000       0xa0 ./Sources/sa_mtb.o
 .debug_str     0x00000000       0x89 ./Sources/sa_mtb.o
 .comment       0x00000000       0x7a ./Sources/sa_mtb.o
 .ARM.attributes
                0x00000000       0x31 ./Sources/sa_mtb.o
 .text          0x00000000        0x0 ./Sources/main.o
 .data          0x00000000        0x0 ./Sources/main.o
 .bss           0x00000000        0x0 ./Sources/main.o
 .text          0x00000000        0x0 ./Sources/handle.o
 .data          0x00000000        0x0 ./Sources/handle.o
 .bss           0x00000000        0x0 ./Sources/handle.o
 .text          0x00000000        0x0 ./Sources/OLED.o
 .data          0x00000000        0x0 ./Sources/OLED.o
 .bss           0x00000000        0x0 ./Sources/OLED.o
 .text.OLED_W_Test
                0x00000000       0x60 ./Sources/OLED.o
 .text.OLED_W_Bmp
                0x00000000       0x84 ./Sources/OLED.o
 .text          0x00000000        0x0 F:/CW MCU v10.5/MCU/ARM_GCC_Support/ewl/lib/armv6-m\libc.a(exit.o)
 .data          0x00000000        0x0 F:/CW MCU v10.5/MCU/ARM_GCC_Support/ewl/lib/armv6-m\libc.a(exit.o)
 .bss           0x00000000        0x0 F:/CW MCU v10.5/MCU/ARM_GCC_Support/ewl/lib/armv6-m\libc.a(exit.o)
 .text          0x00000000        0x0 F:/CW MCU v10.5/MCU/ARM_GCC_Support/ewl/lib/armv6-m\libc.a(rand.o)
 .data          0x00000000        0x0 F:/CW MCU v10.5/MCU/ARM_GCC_Support/ewl/lib/armv6-m\libc.a(rand.o)
 .bss           0x00000000        0x0 F:/CW MCU v10.5/MCU/ARM_GCC_Support/ewl/lib/armv6-m\libc.a(rand.o)
 .text.srand    0x00000000        0xc F:/CW MCU v10.5/MCU/ARM_GCC_Support/ewl/lib/armv6-m\libc.a(rand.o)
 .text          0x00000000        0x0 F:/CW MCU v10.5/MCU/ARM_GCC_Support/ewl/lib/armv6-m\libc.a(memset.o)
 .data          0x00000000        0x0 F:/CW MCU v10.5/MCU/ARM_GCC_Support/ewl/lib/armv6-m\libc.a(memset.o)
 .bss           0x00000000        0x0 F:/CW MCU v10.5/MCU/ARM_GCC_Support/ewl/lib/armv6-m\libc.a(memset.o)
 .text          0x00000000        0x0 F:/CW MCU v10.5/MCU/ARM_GCC_Support/ewl/lib/armv6-m\libc.a(__filll_mem.o)
 .data          0x00000000        0x0 F:/CW MCU v10.5/MCU/ARM_GCC_Support/ewl/lib/armv6-m\libc.a(__filll_mem.o)
 .bss           0x00000000        0x0 F:/CW MCU v10.5/MCU/ARM_GCC_Support/ewl/lib/armv6-m\libc.a(__filll_mem.o)
 .data          0x00000000        0x0 f:/cw mcu v10.5/cross_tools/arm-none-eabi-gcc-4_7_3/bin/../lib/gcc/arm-none-eabi/4.7.3/armv6-m\libgcc.a(_udivsi3.o)
 .bss           0x00000000        0x0 f:/cw mcu v10.5/cross_tools/arm-none-eabi-gcc-4_7_3/bin/../lib/gcc/arm-none-eabi/4.7.3/armv6-m\libgcc.a(_udivsi3.o)
 .data          0x00000000        0x0 f:/cw mcu v10.5/cross_tools/arm-none-eabi-gcc-4_7_3/bin/../lib/gcc/arm-none-eabi/4.7.3/armv6-m\libgcc.a(_divsi3.o)
 .bss           0x00000000        0x0 f:/cw mcu v10.5/cross_tools/arm-none-eabi-gcc-4_7_3/bin/../lib/gcc/arm-none-eabi/4.7.3/armv6-m\libgcc.a(_divsi3.o)
 .data          0x00000000        0x0 f:/cw mcu v10.5/cross_tools/arm-none-eabi-gcc-4_7_3/bin/../lib/gcc/arm-none-eabi/4.7.3/armv6-m\libgcc.a(_dvmd_tls.o)
 .bss           0x00000000        0x0 f:/cw mcu v10.5/cross_tools/arm-none-eabi-gcc-4_7_3/bin/../lib/gcc/arm-none-eabi/4.7.3/armv6-m\libgcc.a(_dvmd_tls.o)
 .text          0x00000000        0x0 F:/CW MCU v10.5/MCU/ARM_GCC_Support/ewl/lib/armv6-m\librt.a(gcc_ctor_dtor.o)
 .data          0x00000000        0x0 F:/CW MCU v10.5/MCU/ARM_GCC_Support/ewl/lib/armv6-m\librt.a(gcc_ctor_dtor.o)
 .bss           0x00000000        0x0 F:/CW MCU v10.5/MCU/ARM_GCC_Support/ewl/lib/armv6-m\librt.a(gcc_ctor_dtor.o)
 .bss.__dso_handle
                0x00000000        0x4 F:/CW MCU v10.5/MCU/ARM_GCC_Support/ewl/lib/armv6-m\librt.a(gcc_ctor_dtor.o)
 .text          0x00000000        0x0 F:/CW MCU v10.5/MCU/ARM_GCC_Support/ewl/lib/armv6-m\librt.a(ROMCopy.o)
 .data          0x00000000        0x0 F:/CW MCU v10.5/MCU/ARM_GCC_Support/ewl/lib/armv6-m\librt.a(ROMCopy.o)
 .bss           0x00000000        0x0 F:/CW MCU v10.5/MCU/ARM_GCC_Support/ewl/lib/armv6-m\librt.a(ROMCopy.o)
 .text.__flush_cache
                0x00000000        0x2 F:/CW MCU v10.5/MCU/ARM_GCC_Support/ewl/lib/armv6-m\librt.a(ROMCopy.o)
 .text          0x00000000        0x0 F:/CW MCU v10.5/MCU/ARM_GCC_Support/ewl/lib/armv6-m\librt.a(__arm_eabi_init.o)
 .data          0x00000000        0x0 F:/CW MCU v10.5/MCU/ARM_GCC_Support/ewl/lib/armv6-m\librt.a(__arm_eabi_init.o)
 .bss           0x00000000        0x0 F:/CW MCU v10.5/MCU/ARM_GCC_Support/ewl/lib/armv6-m\librt.a(__arm_eabi_init.o)
 .text.__register_global_object
                0x00000000       0x14 F:/CW MCU v10.5/MCU/ARM_GCC_Support/ewl/lib/armv6-m\librt.a(__arm_eabi_init.o)
 .text.__cxa_atexit
                0x00000000       0x38 F:/CW MCU v10.5/MCU/ARM_GCC_Support/ewl/lib/armv6-m\librt.a(__arm_eabi_init.o)
 .text.__aeabi_atexit
                0x00000000        0xe F:/CW MCU v10.5/MCU/ARM_GCC_Support/ewl/lib/armv6-m\librt.a(__arm_eabi_init.o)
 .text.__register_atexit
                0x00000000        0xc F:/CW MCU v10.5/MCU/ARM_GCC_Support/ewl/lib/armv6-m\librt.a(__arm_eabi_init.o)
 .text.__init_hardware
                0x00000000        0x4 F:/CW MCU v10.5/MCU/ARM_GCC_Support/ewl/lib/armv6-m\librt.a(__arm_eabi_init.o)
 .bss.atexit_curr_func
                0x00000000        0x4 F:/CW MCU v10.5/MCU/ARM_GCC_Support/ewl/lib/armv6-m\librt.a(__arm_eabi_init.o)
 .bss.atexit_funcs
                0x00000000      0x300 F:/CW MCU v10.5/MCU/ARM_GCC_Support/ewl/lib/armv6-m\librt.a(__arm_eabi_init.o)

Memory Configuration

Name             Origin             Length             Attributes
m_interrupts     0x00000000         0x000000c0         xr
m_cfmprotrom     0x00000400         0x00000010         xr
m_text           0x00000800         0x0001f800         xr
m_data           0x1ffff000         0x00004000         xrw
*default*        0x00000000         0xffffffff

Linker script and memory map

LOAD ./Project_Settings/Startup_Code/kinetis_sysinit.o
LOAD ./Project_Settings/Startup_Code/__arm_start.o
LOAD ./Project_Settings/Startup_Code/__arm_end.o
LOAD ./Sources/sound.o
LOAD ./Sources/sa_mtb.o
LOAD ./Sources/main.o
LOAD ./Sources/handle.o
LOAD ./Sources/OLED.o
START GROUP
LOAD F:/CW MCU v10.5/MCU/ARM_GCC_Support/ewl/lib/armv6-m\libc.a
LOAD F:/CW MCU v10.5/MCU/ARM_GCC_Support/ewl/lib/armv6-m\libm.a
LOAD f:/cw mcu v10.5/cross_tools/arm-none-eabi-gcc-4_7_3/bin/../lib/gcc/arm-none-eabi/4.7.3/armv6-m\libgcc.a
LOAD F:/CW MCU v10.5/MCU/ARM_GCC_Support/ewl/lib/armv6-m\librt.a
END GROUP
                0x20003000                _estack = 0x20003000
                0x20003000                __SP_INIT = _estack
                0x00000400                __heap_size = 0x400
                0x00000400                __stack_size = 0x400

.interrupts     0x00000000       0xc0
                0x00000000                __vector_table = .
                0x00000000                . = ALIGN (0x4)
 *(.vectortable)
 .vectortable   0x00000000       0xc0 ./Project_Settings/Startup_Code/kinetis_sysinit.o
                0x00000000                InterruptVector
                0x000000c0                . = ALIGN (0x4)

.cfmprotect     0x00000400        0x0
                0x00000400                . = ALIGN (0x4)
 *(.cfmconfig)
                0x00000400                . = ALIGN (0x4)

.text           0x00000800     0x5668
                0x00000800                . = ALIGN (0x4)
 *(.text)
 .text          0x00000800       0x9c f:/cw mcu v10.5/cross_tools/arm-none-eabi-gcc-4_7_3/bin/../lib/gcc/arm-none-eabi/4.7.3/armv6-m\libgcc.a(_udivsi3.o)
                0x00000800                __aeabi_uidiv
                0x00000800                __udivsi3
                0x00000888                __aeabi_uidivmod
 .text          0x0000089c       0xc0 f:/cw mcu v10.5/cross_tools/arm-none-eabi-gcc-4_7_3/bin/../lib/gcc/arm-none-eabi/4.7.3/armv6-m\libgcc.a(_divsi3.o)
                0x0000089c                __divsi3
                0x0000089c                __aeabi_idiv
                0x00000948                __aeabi_idivmod
 .text          0x0000095c        0x4 f:/cw mcu v10.5/cross_tools/arm-none-eabi-gcc-4_7_3/bin/../lib/gcc/arm-none-eabi/4.7.3/armv6-m\libgcc.a(_dvmd_tls.o)
                0x0000095c                __aeabi_idiv0
                0x0000095c                __aeabi_ldiv0
 *(.text*)
 .text.Default_Handler
                0x00000960        0xc ./Project_Settings/Startup_Code/kinetis_sysinit.o
                0x00000960                RTC_Alarm_IRQHandler
                0x00000960                I2C0_IRQHandler
                0x00000960                HardFault_Handler
                0x00000960                PendSV_Handler
                0x00000960                NMI_Handler
                0x00000960                I2C1_IRQHandler
                0x00000960                UART1_IRQHandler
                0x00000960                DMA2_IRQHandler
                0x00000960                TSI0_IRQHandler
                0x00000960                UART0_IRQHandler
                0x00000960                ADC0_IRQHandler
                0x00000960                SPI1_IRQHandler
                0x00000960                PORTD_IRQHandler
                0x00000960                LPTimer_IRQHandler
                0x00000960                FTM1_IRQHandler
                0x00000960                RTC_Seconds_IRQHandler
                0x00000960                MCG_IRQHandler
                0x00000960                UART2_IRQHandler
                0x00000960                Default_Handler
                0x00000960                LLW_IRQHandler
                0x00000960                PIT_IRQHandler
                0x00000960                SVC_Handler
                0x00000960                USBOTG_IRQHandler
                0x00000960                DMA3_IRQHandler
                0x00000960                DMA0_IRQHandler
                0x00000960                DAC0_IRQHandler
                0x00000960                PMC_IRQHandler
                0x00000960                SPI0_IRQHandler
                0x00000960                FTM0_IRQHandler
                0x00000960                MCM_IRQHandler
                0x00000960                FTFL_IRQHandler
                0x00000960                FTM2_IRQHandler
                0x00000960                CMP0_IRQHandler
                0x00000960                DMA1_IRQHandler
 .text.__init_hardware
                0x0000096c       0x2c ./Project_Settings/Startup_Code/kinetis_sysinit.o
                0x0000096c                __init_hardware
 .text.zero_fill_bss
                0x00000998       0x24 ./Project_Settings/Startup_Code/__arm_start.o
 .text.__thumb_startup
                0x000009bc       0x30 ./Project_Settings/Startup_Code/__arm_start.o
                0x000009bc                __thumb_startup
 .text._ExitProcess
                0x000009ec        0xc ./Project_Settings/Startup_Code/__arm_end.o
                0x000009ec                _ExitProcess
 .text.TPM0_Init
                0x000009f8       0x90 ./Sources/sound.o
                0x000009f8                TPM0_Init
 .text.SYSTICK_Init
                0x00000a88       0x24 ./Sources/sound.o
                0x00000a88                SYSTICK_Init
 .text.TPM0_Set
                0x00000aac       0x2c ./Sources/sound.o
                0x00000aac                TPM0_Set
 .text.SysTick_Handler
                0x00000ad8       0x80 ./Sources/main.o
                0x00000ad8                SysTick_Handler
 .text.PORTA_IRQHandler
                0x00000b58      0x110 ./Sources/main.o
                0x00000b58                PORTA_IRQHandler
 .text.main     0x00000c68      0x310 ./Sources/main.o
                0x00000c68                main
 .text.dtoa     0x00000f78       0x30 ./Sources/handle.o
                0x00000f78                dtoa
 .text.delay    0x00000fa8       0x48 ./Sources/handle.o
                0x00000fa8                delay
 .text.Initlight
                0x00000ff0       0x5c ./Sources/handle.o
                0x00000ff0                Initlight
 .text.ll       0x0000104c       0x70 ./Sources/handle.o
                0x0000104c                ll
 .text.dd       0x000010bc       0x70 ./Sources/handle.o
                0x000010bc                dd
 .text.crash0   0x0000112c       0x50 ./Sources/handle.o
                0x0000112c                crash0
 .text.crash    0x0000117c       0x7c ./Sources/handle.o
                0x0000117c                crash
 .text.testmove
                0x000011f8       0x54 ./Sources/handle.o
                0x000011f8                testmove
 .text.testrrotate
                0x0000124c      0x6d0 ./Sources/handle.o
                0x0000124c                testrrotate
 .text.testlrotate
                0x0000191c      0x6cc ./Sources/handle.o
                0x0000191c                testlrotate
 .text.testright
                0x00001fe8       0x54 ./Sources/handle.o
                0x00001fe8                testright
 .text.testleft
                0x0000203c       0x54 ./Sources/handle.o
                0x0000203c                testleft
 .text.lighten  0x00002090      0x650 ./Sources/handle.o
                0x00002090                lighten
 .text.getnext  0x000026e0      0x154 ./Sources/handle.o
                0x000026e0                getnext
 .text.rrotate  0x00002834      0xd84 ./Sources/handle.o
                0x00002834                rrotate
 .text.lrotate  0x000035b8      0xd80 ./Sources/handle.o
                0x000035b8                lrotate
 .text.right    0x00004338       0x94 ./Sources/handle.o
                0x00004338                right
 .text.left     0x000043cc       0x94 ./Sources/handle.o
                0x000043cc                left
 .text.move     0x00004460       0xe0 ./Sources/handle.o
                0x00004460                move
 .text.above    0x00004540      0x1bc ./Sources/handle.o
                0x00004540                above
 .text.addscore
                0x000046fc       0x90 ./Sources/handle.o
                0x000046fc                addscore
 .text.score    0x0000478c       0xc0 ./Sources/handle.o
                0x0000478c                score
 .text.clr      0x0000484c       0x58 ./Sources/handle.o
                0x0000484c                clr
 .text.lose     0x000048a4       0x70 ./Sources/handle.o
                0x000048a4                lose
 .text.mmax     0x00004914       0x64 ./Sources/handle.o
                0x00004914                mmax
 .text.mmin     0x00004978       0x64 ./Sources/handle.o
                0x00004978                mmin
 .text.Inintstate
                0x000049dc       0x44 ./Sources/OLED.o
                0x000049dc                Inintstate
 .text.OLED_SPI0_Init
                0x00004a20       0xfc ./Sources/OLED.o
                0x00004a20                OLED_SPI0_Init
 .text.OLED_Init
                0x00004b1c       0x9c ./Sources/OLED.o
                0x00004b1c                OLED_Init
 .text.OLED_W_Ctl
                0x00004bb8       0x64 ./Sources/OLED.o
                0x00004bb8                OLED_W_Ctl
 .text.OLED_W_Dat
                0x00004c1c       0x64 ./Sources/OLED.o
                0x00004c1c                OLED_W_Dat
 .text.OLED_Clr
                0x00004c80       0x64 ./Sources/OLED.o
                0x00004c80                OLED_Clr
 .text.OLED_W_Dot
                0x00004ce4       0x7c ./Sources/OLED.o
                0x00004ce4                OLED_W_Dot
 .text.dot      0x00004d60      0x1a4 ./Sources/OLED.o
                0x00004d60                dot
 .text.OLED_W_Ch
                0x00004f04       0xb0 ./Sources/OLED.o
                0x00004f04                OLED_W_Ch
 .text.OLED_W_Str
                0x00004fb4       0x60 ./Sources/OLED.o
                0x00004fb4                OLED_W_Str
 .text.exit     0x00005014       0x38 F:/CW MCU v10.5/MCU/ARM_GCC_Support/ewl/lib/armv6-m\libc.a(exit.o)
                0x00005014                exit
 .text.rand     0x0000504c       0x20 F:/CW MCU v10.5/MCU/ARM_GCC_Support/ewl/lib/armv6-m\libc.a(rand.o)
                0x0000504c                rand
 .text.memset   0x0000506c        0xc F:/CW MCU v10.5/MCU/ARM_GCC_Support/ewl/lib/armv6-m\libc.a(memset.o)
                0x0000506c                memset
 .text.__fill_mem
                0x00005078       0x7e F:/CW MCU v10.5/MCU/ARM_GCC_Support/ewl/lib/armv6-m\libc.a(__filll_mem.o)
                0x00005078                __fill_mem
 *fill*         0x000050f6        0x2 00
 .text.__init_cpp
                0x000050f8       0x48 F:/CW MCU v10.5/MCU/ARM_GCC_Support/ewl/lib/armv6-m\librt.a(gcc_ctor_dtor.o)
                0x000050f8                __init_cpp
 .text.__fini_cpp
                0x00005140       0x34 F:/CW MCU v10.5/MCU/ARM_GCC_Support/ewl/lib/armv6-m\librt.a(gcc_ctor_dtor.o)
                0x00005140                __fini_cpp
 .text.__copy_rom_section
                0x00005174       0x48 F:/CW MCU v10.5/MCU/ARM_GCC_Support/ewl/lib/armv6-m\librt.a(ROMCopy.o)
                0x00005174                __copy_rom_section
 .text.__copy_rom_sections_to_ram
                0x000051bc       0x34 F:/CW MCU v10.5/MCU/ARM_GCC_Support/ewl/lib/armv6-m\librt.a(ROMCopy.o)
                0x000051bc                __copy_rom_sections_to_ram
 .text.__destroy_global_chain
                0x000051f0       0x1c F:/CW MCU v10.5/MCU/ARM_GCC_Support/ewl/lib/armv6-m\librt.a(__arm_eabi_init.o)
                0x000051f0                __destroy_global_chain
 .text.__init_registers
                0x0000520c       0x1c F:/CW MCU v10.5/MCU/ARM_GCC_Support/ewl/lib/armv6-m\librt.a(__arm_eabi_init.o)
                0x0000520c                __init_registers
 .text.__init_user
                0x00005228        0x4 F:/CW MCU v10.5/MCU/ARM_GCC_Support/ewl/lib/armv6-m\librt.a(__arm_eabi_init.o)
                0x00005228                __init_user
 *(.rodata)
 .rodata        0x0000522c       0x10 ./Sources/main.o
 .rodata        0x0000523c        0xc ./Sources/handle.o
 *(.rodata*)
 .rodata.note   0x00005248      0x410 ./Sources/sound.o
                0x00005248                note
 .rodata.duration
                0x00005658      0x410 ./Sources/sound.o
                0x00005658                duration
 .rodata.testrrotate
                0x00005a68       0x20 ./Sources/handle.o
 .rodata.testlrotate
                0x00005a88       0x20 ./Sources/handle.o
 .rodata.lighten
                0x00005aa8       0x20 ./Sources/handle.o
 .rodata.getnext
                0x00005ac8       0x20 ./Sources/handle.o
 .rodata.rrotate
                0x00005ae8       0x20 ./Sources/handle.o
 .rodata.lrotate
                0x00005b08       0x20 ./Sources/handle.o
 .rodata.dot    0x00005b28       0x40 ./Sources/OLED.o
 .rodata.ASCII  0x00005b68      0x300 ./Sources/OLED.o
                0x00005b68                ASCII
 *(.glue_7)
 .glue_7        0x00000000        0x0 linker stubs
 *(.glue_7t)
 .glue_7t       0x00000000        0x0 linker stubs
 *(.eh_frame)
 *(.init)
 *(.fini)
                0x00005e68                . = ALIGN (0x4)
                0x00005e68                _etext = .

.vfp11_veneer   0x00005e68        0x0
 .vfp11_veneer  0x00000000        0x0 linker stubs

.v4_bx          0x00005e68        0x0
 .v4_bx         0x00000000        0x0 linker stubs

.iplt           0x00005e68        0x0
 .iplt          0x00000000        0x0 ./Project_Settings/Startup_Code/kinetis_sysinit.o

.rel.dyn        0x00005e68        0x0
 .rel.iplt      0x00000000        0x0 ./Project_Settings/Startup_Code/kinetis_sysinit.o

.ARM.extab
 *(.ARM.extab* .gnu.linkonce.armextab.*)

.ARM            0x00005e68        0x0
                0x00005e68                __exidx_start = .
 *(.ARM.exidx*)
                0x00005e68                __exidx_end = .

.ctors          0x00005e68        0x0
                0x00005e68                __CTOR_LIST__ = .
 *crtbegin.o(.ctors)
 *(EXCLUDE_FILE(*crtend.o) .ctors)
 *(SORT(.ctors.*))
 *(.ctors)
                0x00005e68                __CTOR_END__ = .

.dtors          0x00005e68        0x0
                0x00005e68                __DTOR_LIST__ = .
 *crtbegin.o(.dtors)
 *(EXCLUDE_FILE(*crtend.o) .dtors)
 *(SORT(.dtors.*))
 *(.dtors)
                0x00005e68                __DTOR_END__ = .

.preinit_array  0x00005e68        0x0
                0x00005e68                PROVIDE (__preinit_array_start, .)
 *(.preinit_array*)
                0x00005e68                PROVIDE (__preinit_array_end, .)

.init_array     0x00005e68        0x0
                0x00005e68                PROVIDE (__init_array_start, .)
 *(SORT(.init_array.*))
 *(.init_array*)
                0x00005e68                PROVIDE (__init_array_end, .)

.fini_array     0x00005e68        0x0
                0x00005e68                PROVIDE (__fini_array_start, .)
 *(SORT(.fini_array.*))
 *(.fini_array*)
                0x00005e68                PROVIDE (__fini_array_end, .)
                0x00005e68                ___ROM_AT = .

.mtb            0x1ffff000        0x0
                0x1ffff000                . = ALIGN (0x8)
                0x1ffff000                _mtb_start = .
 *(.mtb_buf)
                0x1ffff000                . = ALIGN (0x8)
                0x1ffff000                _mtb_end = .

.data           0x1ffff000        0x8 load address 0x00005e68
                0x1ffff000                . = ALIGN (0x4)
                0x1ffff000                _sdata = .
 *(.data)
 *(.data*)
 .data.low      0x1ffff000        0x1 ./Sources/handle.o
                0x1ffff000                low
 .data.min      0x1ffff001        0x1 ./Sources/handle.o
                0x1ffff001                min
 *fill*         0x1ffff002        0x2 00
 .data.random_next
                0x1ffff004        0x4 F:/CW MCU v10.5/MCU/ARM_GCC_Support/ewl/lib/armv6-m\libc.a(rand.o)
                0x1ffff008                . = ALIGN (0x4)
                0x1ffff008                _edata = .
                0x00000008                ___data_size = (_edata - _sdata)

.igot.plt       0x1ffff008        0x0 load address 0x00005e70
 .igot.plt      0x00000000        0x0 ./Project_Settings/Startup_Code/kinetis_sysinit.o
                0x1ffff008                . = ALIGN (0x4)

.bss            0x1ffff008     0x1848 load address 0x00005e70
                0x1ffff008                __START_BSS = .
                0x1ffff008                PROVIDE (__bss_start__, __START_BSS)
 *(.bss)
 *(.bss*)
 .bss.argv      0x1ffff008        0x4 ./Project_Settings/Startup_Code/__arm_start.o
 .bss.pNote     0x1ffff00c        0x2 ./Sources/main.o
                0x1ffff00c                pNote
 .bss.nDuration
                0x1ffff00e        0x2 ./Sources/main.o
                0x1ffff00e                nDuration
 .bss.sc        0x1ffff010        0x1 ./Sources/handle.o
                0x1ffff010                sc
 .bss.high      0x1ffff011        0x1 ./Sources/handle.o
                0x1ffff011                high
 *fill*         0x1ffff012        0x2 00
 .bss.__stdio_exit
                0x1ffff014        0x4 F:/CW MCU v10.5/MCU/ARM_GCC_Support/ewl/lib/armv6-m\libc.a(exit.o)
                0x1ffff014                __stdio_exit
 .bss.__console_exit
                0x1ffff018        0x4 F:/CW MCU v10.5/MCU/ARM_GCC_Support/ewl/lib/armv6-m\libc.a(exit.o)
                0x1ffff018                __console_exit
 .bss.__S_romp  0x1ffff01c        0xc F:/CW MCU v10.5/MCU/ARM_GCC_Support/ewl/lib/armv6-m\librt.a(ROMCopy.o)
 .bss.__global_destructor_chain
                0x1ffff028        0x4 F:/CW MCU v10.5/MCU/ARM_GCC_Support/ewl/lib/armv6-m\librt.a(__arm_eabi_init.o)
                0x1ffff028                __global_destructor_chain
 *(COMMON)
 COMMON         0x1ffff02c     0x1421 ./Sources/handle.o
                0x1ffff02c                now
                0x1ffff034                pos
                0x1ffff038                all
                0x1ffff03c                test
                0x1ffff044                lightened
                0x20000444                next
                0x20000448                str
 *fill*         0x2000044d        0x3 00
 COMMON         0x20000450      0x400 ./Sources/OLED.o
                0x20000450                state
                0x20000850                . = ALIGN (0x4)
                0x20000850                __END_BSS = .
                0x20000850                PROVIDE (__bss_end__, __END_BSS)
                0x00005e70                _romp_at = (___ROM_AT + SIZEOF (.data))

.romp           0x20000850       0x18 load address 0x00005e70
                0x00005e70                __S_romp = _romp_at
                0x20000850        0x4 LONG 0x5e68 ___ROM_AT
                0x20000854        0x4 LONG 0x1ffff000 _sdata
                0x20000858        0x4 LONG 0x8 ___data_size
                0x2000085c        0x4 LONG 0x0
                0x20000860        0x4 LONG 0x0
                0x20000864        0x4 LONG 0x0

._user_heap_stack
                0x20000868      0x800 load address 0x00005e88
                0x20000868                . = ALIGN (0x4)
                0x20000868                PROVIDE (end, .)
                0x20000868                PROVIDE (_end, .)
                0x20000868                __heap_addr = .
                0x20000c68                . = (. + __heap_size)
 *fill*         0x20000868      0x400 00
                0x20001068                . = (. + __stack_size)
 *fill*         0x20000c68      0x400 00
                0x20001068                . = ALIGN (0x4)

.ARM.attributes
                0x00000000       0x31
 *(.ARM.attributes)
 .ARM.attributes
                0x00000000       0x31 ./Project_Settings/Startup_Code/kinetis_sysinit.o
 .ARM.attributes
                0x00000031       0x31 ./Project_Settings/Startup_Code/__arm_start.o
 .ARM.attributes
                0x00000062       0x31 ./Project_Settings/Startup_Code/__arm_end.o
 .ARM.attributes
                0x00000093       0x31 ./Sources/sound.o
 .ARM.attributes
                0x000000c4       0x31 ./Sources/main.o
 .ARM.attributes
                0x000000f5       0x31 ./Sources/handle.o
 .ARM.attributes
                0x00000126       0x31 ./Sources/OLED.o
 .ARM.attributes
                0x00000157       0x31 F:/CW MCU v10.5/MCU/ARM_GCC_Support/ewl/lib/armv6-m\libc.a(exit.o)
 .ARM.attributes
                0x00000188       0x31 F:/CW MCU v10.5/MCU/ARM_GCC_Support/ewl/lib/armv6-m\libc.a(rand.o)
 .ARM.attributes
                0x000001b9       0x31 F:/CW MCU v10.5/MCU/ARM_GCC_Support/ewl/lib/armv6-m\libc.a(memset.o)
 .ARM.attributes
                0x000001ea       0x31 F:/CW MCU v10.5/MCU/ARM_GCC_Support/ewl/lib/armv6-m\libc.a(__filll_mem.o)
 .ARM.attributes
                0x0000021b       0x1e f:/cw mcu v10.5/cross_tools/arm-none-eabi-gcc-4_7_3/bin/../lib/gcc/arm-none-eabi/4.7.3/armv6-m\libgcc.a(_udivsi3.o)
 .ARM.attributes
                0x00000239       0x1e f:/cw mcu v10.5/cross_tools/arm-none-eabi-gcc-4_7_3/bin/../lib/gcc/arm-none-eabi/4.7.3/armv6-m\libgcc.a(_divsi3.o)
 .ARM.attributes
                0x00000257       0x1e f:/cw mcu v10.5/cross_tools/arm-none-eabi-gcc-4_7_3/bin/../lib/gcc/arm-none-eabi/4.7.3/armv6-m\libgcc.a(_dvmd_tls.o)
 .ARM.attributes
                0x00000275       0x31 F:/CW MCU v10.5/MCU/ARM_GCC_Support/ewl/lib/armv6-m\librt.a(gcc_ctor_dtor.o)
 .ARM.attributes
                0x000002a6       0x31 F:/CW MCU v10.5/MCU/ARM_GCC_Support/ewl/lib/armv6-m\librt.a(ROMCopy.o)
 .ARM.attributes
                0x000002d7       0x31 F:/CW MCU v10.5/MCU/ARM_GCC_Support/ewl/lib/armv6-m\librt.a(__arm_eabi_init.o)
OUTPUT(SPI_OLED.elf elf32-littlearm)

.debug_info     0x00000000     0x28f4
 .debug_info    0x00000000      0x447 ./Project_Settings/Startup_Code/kinetis_sysinit.o
 .debug_info    0x00000447      0x12a ./Project_Settings/Startup_Code/__arm_start.o
 .debug_info    0x00000571       0x54 ./Project_Settings/Startup_Code/__arm_end.o
 .debug_info    0x000005c5      0x51d ./Sources/sound.o
 .debug_info    0x00000ae2      0x685 ./Sources/main.o
 .debug_info    0x00001167      0x620 ./Sources/handle.o
 .debug_info    0x00001787      0x7d8 ./Sources/OLED.o
 .debug_info    0x00001f5f       0xe8 F:/CW MCU v10.5/MCU/ARM_GCC_Support/ewl/lib/armv6-m\libc.a(exit.o)
 .debug_info    0x00002047      0x100 F:/CW MCU v10.5/MCU/ARM_GCC_Support/ewl/lib/armv6-m\libc.a(rand.o)
 .debug_info    0x00002147       0xec F:/CW MCU v10.5/MCU/ARM_GCC_Support/ewl/lib/armv6-m\libc.a(memset.o)
 .debug_info    0x00002233      0x137 F:/CW MCU v10.5/MCU/ARM_GCC_Support/ewl/lib/armv6-m\libc.a(__filll_mem.o)
 .debug_info    0x0000236a      0x136 F:/CW MCU v10.5/MCU/ARM_GCC_Support/ewl/lib/armv6-m\librt.a(gcc_ctor_dtor.o)
 .debug_info    0x000024a0      0x19b F:/CW MCU v10.5/MCU/ARM_GCC_Support/ewl/lib/armv6-m\librt.a(ROMCopy.o)
 .debug_info    0x0000263b      0x2b9 F:/CW MCU v10.5/MCU/ARM_GCC_Support/ewl/lib/armv6-m\librt.a(__arm_eabi_init.o)

.debug_abbrev   0x00000000      0xcb8
 .debug_abbrev  0x00000000       0xe7 ./Project_Settings/Startup_Code/kinetis_sysinit.o
 .debug_abbrev  0x000000e7       0x92 ./Project_Settings/Startup_Code/__arm_start.o
 .debug_abbrev  0x00000179       0x4c ./Project_Settings/Startup_Code/__arm_end.o
 .debug_abbrev  0x000001c5      0x109 ./Sources/sound.o
 .debug_abbrev  0x000002ce      0x169 ./Sources/main.o
 .debug_abbrev  0x00000437      0x18b ./Sources/handle.o
 .debug_abbrev  0x000005c2      0x1a8 ./Sources/OLED.o
 .debug_abbrev  0x0000076a       0x7a F:/CW MCU v10.5/MCU/ARM_GCC_Support/ewl/lib/armv6-m\libc.a(exit.o)
 .debug_abbrev  0x000007e4       0x8e F:/CW MCU v10.5/MCU/ARM_GCC_Support/ewl/lib/armv6-m\libc.a(rand.o)
 .debug_abbrev  0x00000872       0x62 F:/CW MCU v10.5/MCU/ARM_GCC_Support/ewl/lib/armv6-m\libc.a(memset.o)
 .debug_abbrev  0x000008d4       0x78 F:/CW MCU v10.5/MCU/ARM_GCC_Support/ewl/lib/armv6-m\libc.a(__filll_mem.o)
 .debug_abbrev  0x0000094c       0x99 F:/CW MCU v10.5/MCU/ARM_GCC_Support/ewl/lib/armv6-m\librt.a(gcc_ctor_dtor.o)
 .debug_abbrev  0x000009e5      0x120 F:/CW MCU v10.5/MCU/ARM_GCC_Support/ewl/lib/armv6-m\librt.a(ROMCopy.o)
 .debug_abbrev  0x00000b05      0x1b3 F:/CW MCU v10.5/MCU/ARM_GCC_Support/ewl/lib/armv6-m\librt.a(__arm_eabi_init.o)

.debug_loc      0x00000000      0xef4
 .debug_loc     0x00000000       0x58 ./Project_Settings/Startup_Code/kinetis_sysinit.o
 .debug_loc     0x00000058       0x2c ./Project_Settings/Startup_Code/__arm_start.o
 .debug_loc     0x00000084       0x38 ./Project_Settings/Startup_Code/__arm_end.o
 .debug_loc     0x000000bc       0x90 ./Sources/sound.o
 .debug_loc     0x0000014c       0x9c ./Sources/main.o
 .debug_loc     0x000001e8      0x574 ./Sources/handle.o
 .debug_loc     0x0000075c      0x294 ./Sources/OLED.o
 .debug_loc     0x000009f0       0x3e F:/CW MCU v10.5/MCU/ARM_GCC_Support/ewl/lib/armv6-m\libc.a(exit.o)
 .debug_loc     0x00000a2e       0x6f F:/CW MCU v10.5/MCU/ARM_GCC_Support/ewl/lib/armv6-m\libc.a(memset.o)
 .debug_loc     0x00000a9d      0x14a F:/CW MCU v10.5/MCU/ARM_GCC_Support/ewl/lib/armv6-m\libc.a(__filll_mem.o)
 .debug_loc     0x00000be7       0x9d F:/CW MCU v10.5/MCU/ARM_GCC_Support/ewl/lib/armv6-m\librt.a(gcc_ctor_dtor.o)
 .debug_loc     0x00000c84       0xd9 F:/CW MCU v10.5/MCU/ARM_GCC_Support/ewl/lib/armv6-m\librt.a(ROMCopy.o)
 .debug_loc     0x00000d5d      0x197 F:/CW MCU v10.5/MCU/ARM_GCC_Support/ewl/lib/armv6-m\librt.a(__arm_eabi_init.o)

.debug_aranges  0x00000000      0x370
 .debug_aranges
                0x00000000       0x28 ./Project_Settings/Startup_Code/kinetis_sysinit.o
 .debug_aranges
                0x00000028       0x30 ./Project_Settings/Startup_Code/__arm_start.o
 .debug_aranges
                0x00000058       0x20 ./Project_Settings/Startup_Code/__arm_end.o
 .debug_aranges
                0x00000078       0x30 ./Sources/sound.o
 .debug_aranges
                0x000000a8       0x30 ./Sources/main.o
 .debug_aranges
                0x000000d8       0xe8 ./Sources/handle.o
 .debug_aranges
                0x000001c0       0x78 ./Sources/OLED.o
 .debug_aranges
                0x00000238       0x20 F:/CW MCU v10.5/MCU/ARM_GCC_Support/ewl/lib/armv6-m\libc.a(exit.o)
 .debug_aranges
                0x00000258       0x28 F:/CW MCU v10.5/MCU/ARM_GCC_Support/ewl/lib/armv6-m\libc.a(rand.o)
 .debug_aranges
                0x00000280       0x20 F:/CW MCU v10.5/MCU/ARM_GCC_Support/ewl/lib/armv6-m\libc.a(memset.o)
 .debug_aranges
                0x000002a0       0x20 F:/CW MCU v10.5/MCU/ARM_GCC_Support/ewl/lib/armv6-m\libc.a(__filll_mem.o)
 .debug_aranges
                0x000002c0       0x28 F:/CW MCU v10.5/MCU/ARM_GCC_Support/ewl/lib/armv6-m\librt.a(gcc_ctor_dtor.o)
 .debug_aranges
                0x000002e8       0x30 F:/CW MCU v10.5/MCU/ARM_GCC_Support/ewl/lib/armv6-m\librt.a(ROMCopy.o)
 .debug_aranges
                0x00000318       0x58 F:/CW MCU v10.5/MCU/ARM_GCC_Support/ewl/lib/armv6-m\librt.a(__arm_eabi_init.o)

.debug_macinfo  0x00000000    0xc783f
 .debug_macinfo
                0x00000000    0x264f0 ./Project_Settings/Startup_Code/kinetis_sysinit.o
 .debug_macinfo
                0x000264f0     0x3e6d ./Project_Settings/Startup_Code/__arm_start.o
 .debug_macinfo
                0x0002a35d     0x3456 ./Project_Settings/Startup_Code/__arm_end.o
 .debug_macinfo
                0x0002d7b3    0x266f3 ./Sources/sound.o
 .debug_macinfo
                0x00053ea6    0x26a0c ./Sources/main.o
 .debug_macinfo
                0x0007a8b2    0x267cf ./Sources/handle.o
 .debug_macinfo
                0x000a1081    0x267be ./Sources/OLED.o

.debug_line     0x00000000     0x188d
 .debug_line    0x00000000      0x1f6 ./Project_Settings/Startup_Code/kinetis_sysinit.o
 .debug_line    0x000001f6      0x279 ./Project_Settings/Startup_Code/__arm_start.o
 .debug_line    0x0000046f      0x23e ./Project_Settings/Startup_Code/__arm_end.o
 .debug_line    0x000006ad      0x1eb ./Sources/sound.o
 .debug_line    0x00000898      0x255 ./Sources/main.o
 .debug_line    0x00000aed      0x58c ./Sources/handle.o
 .debug_line    0x00001079      0x32e ./Sources/OLED.o
 .debug_line    0x000013a7       0x8d F:/CW MCU v10.5/MCU/ARM_GCC_Support/ewl/lib/armv6-m\libc.a(exit.o)
 .debug_line    0x00001434       0x93 F:/CW MCU v10.5/MCU/ARM_GCC_Support/ewl/lib/armv6-m\libc.a(rand.o)
 .debug_line    0x000014c7       0x90 F:/CW MCU v10.5/MCU/ARM_GCC_Support/ewl/lib/armv6-m\libc.a(memset.o)
 .debug_line    0x00001557       0xf6 F:/CW MCU v10.5/MCU/ARM_GCC_Support/ewl/lib/armv6-m\libc.a(__filll_mem.o)
 .debug_line    0x0000164d       0x6c F:/CW MCU v10.5/MCU/ARM_GCC_Support/ewl/lib/armv6-m\librt.a(gcc_ctor_dtor.o)
 .debug_line    0x000016b9       0xbd F:/CW MCU v10.5/MCU/ARM_GCC_Support/ewl/lib/armv6-m\librt.a(ROMCopy.o)
 .debug_line    0x00001776      0x117 F:/CW MCU v10.5/MCU/ARM_GCC_Support/ewl/lib/armv6-m\librt.a(__arm_eabi_init.o)

.debug_str      0x00000000      0x9da
 .debug_str     0x00000000      0x28b ./Project_Settings/Startup_Code/kinetis_sysinit.o
                                0x2b2 (size before relaxing)
 .debug_str     0x0000028b       0x85 ./Project_Settings/Startup_Code/__arm_start.o
                                0x18c (size before relaxing)
 .debug_str     0x00000310       0x41 ./Project_Settings/Startup_Code/__arm_end.o
                                 0xc3 (size before relaxing)
 .debug_str     0x00000351       0xce ./Sources/sound.o
                                0x2ba (size before relaxing)
 .debug_str     0x0000041f       0xc5 ./Sources/main.o
                                0x329 (size before relaxing)
 .debug_str     0x000004e4       0x97 ./Sources/handle.o
                                0x1d1 (size before relaxing)
 .debug_str     0x0000057b       0xc6 ./Sources/OLED.o
                                0x322 (size before relaxing)
 .debug_str     0x00000641       0x5a F:/CW MCU v10.5/MCU/ARM_GCC_Support/ewl/lib/armv6-m\libc.a(exit.o)
                                0x157 (size before relaxing)
 .debug_str     0x0000069b       0x30 F:/CW MCU v10.5/MCU/ARM_GCC_Support/ewl/lib/armv6-m\libc.a(rand.o)
                                0x152 (size before relaxing)
 .debug_str     0x000006cb       0x23 F:/CW MCU v10.5/MCU/ARM_GCC_Support/ewl/lib/armv6-m\libc.a(memset.o)
                                0x140 (size before relaxing)
 .debug_str     0x000006ee       0x2d F:/CW MCU v10.5/MCU/ARM_GCC_Support/ewl/lib/armv6-m\libc.a(__filll_mem.o)
                                0x152 (size before relaxing)
 .debug_str     0x0000071b      0x126 F:/CW MCU v10.5/MCU/ARM_GCC_Support/ewl/lib/armv6-m\librt.a(gcc_ctor_dtor.o)
                                0x181 (size before relaxing)
 .debug_str     0x00000841       0xa6 F:/CW MCU v10.5/MCU/ARM_GCC_Support/ewl/lib/armv6-m\librt.a(ROMCopy.o)
                                0x13c (size before relaxing)
 .debug_str     0x000008e7       0xf3 F:/CW MCU v10.5/MCU/ARM_GCC_Support/ewl/lib/armv6-m\librt.a(__arm_eabi_init.o)
                                0x1b5 (size before relaxing)

.comment        0x00000000       0x79
 .comment       0x00000000       0x79 ./Project_Settings/Startup_Code/kinetis_sysinit.o
                                 0x7a (size before relaxing)
 .comment       0x00000000       0x7a ./Project_Settings/Startup_Code/__arm_start.o
 .comment       0x00000000       0x7a ./Project_Settings/Startup_Code/__arm_end.o
 .comment       0x00000000       0x7a ./Sources/sound.o
 .comment       0x00000000       0x7a ./Sources/main.o
 .comment       0x00000000       0x7a ./Sources/handle.o
 .comment       0x00000000       0x7a ./Sources/OLED.o
 .comment       0x00000000       0x7a F:/CW MCU v10.5/MCU/ARM_GCC_Support/ewl/lib/armv6-m\libc.a(exit.o)
 .comment       0x00000000       0x7a F:/CW MCU v10.5/MCU/ARM_GCC_Support/ewl/lib/armv6-m\libc.a(rand.o)
 .comment       0x00000000       0x7a F:/CW MCU v10.5/MCU/ARM_GCC_Support/ewl/lib/armv6-m\libc.a(memset.o)
 .comment       0x00000000       0x7a F:/CW MCU v10.5/MCU/ARM_GCC_Support/ewl/lib/armv6-m\libc.a(__filll_mem.o)
 .comment       0x00000000       0x7a F:/CW MCU v10.5/MCU/ARM_GCC_Support/ewl/lib/armv6-m\librt.a(gcc_ctor_dtor.o)
 .comment       0x00000000       0x7a F:/CW MCU v10.5/MCU/ARM_GCC_Support/ewl/lib/armv6-m\librt.a(ROMCopy.o)
 .comment       0x00000000       0x7a F:/CW MCU v10.5/MCU/ARM_GCC_Support/ewl/lib/armv6-m\librt.a(__arm_eabi_init.o)

.debug_frame    0x00000000      0x8a4
 .debug_frame   0x00000000       0x48 ./Project_Settings/Startup_Code/kinetis_sysinit.o
 .debug_frame   0x00000048       0x4c ./Project_Settings/Startup_Code/__arm_start.o
 .debug_frame   0x00000094       0x30 ./Project_Settings/Startup_Code/__arm_end.o
 .debug_frame   0x000000c4       0x68 ./Sources/sound.o
 .debug_frame   0x0000012c       0x6c ./Sources/main.o
 .debug_frame   0x00000198      0x340 ./Sources/handle.o
 .debug_frame   0x000004d8      0x18c ./Sources/OLED.o
 .debug_frame   0x00000664       0x2c F:/CW MCU v10.5/MCU/ARM_GCC_Support/ewl/lib/armv6-m\libc.a(exit.o)
 .debug_frame   0x00000690       0x30 F:/CW MCU v10.5/MCU/ARM_GCC_Support/ewl/lib/armv6-m\libc.a(rand.o)
 .debug_frame   0x000006c0       0x28 F:/CW MCU v10.5/MCU/ARM_GCC_Support/ewl/lib/armv6-m\libc.a(memset.o)
 .debug_frame   0x000006e8       0x2c F:/CW MCU v10.5/MCU/ARM_GCC_Support/ewl/lib/armv6-m\libc.a(__filll_mem.o)
 .debug_frame   0x00000714       0x20 f:/cw mcu v10.5/cross_tools/arm-none-eabi-gcc-4_7_3/bin/../lib/gcc/arm-none-eabi/4.7.3/armv6-m\libgcc.a(_udivsi3.o)
 .debug_frame   0x00000734       0x20 f:/cw mcu v10.5/cross_tools/arm-none-eabi-gcc-4_7_3/bin/../lib/gcc/arm-none-eabi/4.7.3/armv6-m\libgcc.a(_divsi3.o)
 .debug_frame   0x00000754       0x40 F:/CW MCU v10.5/MCU/ARM_GCC_Support/ewl/lib/armv6-m\librt.a(gcc_ctor_dtor.o)
 .debug_frame   0x00000794       0x54 F:/CW MCU v10.5/MCU/ARM_GCC_Support/ewl/lib/armv6-m\librt.a(ROMCopy.o)
 .debug_frame   0x000007e8       0xbc F:/CW MCU v10.5/MCU/ARM_GCC_Support/ewl/lib/armv6-m\librt.a(__arm_eabi_init.o)
